2025-06-29 19:32:52,546 - INFO - Archivo "tareas.csv" leido con exito
2025-06-29 19:32:58,890 - INFO - Archivo "tareas.csv" leido con exito
2025-06-29 19:32:59,420 - INFO - Archivo "tareas.csv" leido con exito
2025-06-29 19:32:59,787 - INFO - Archivo "tareas.csv" leido con exito
2025-06-29 19:33:15,301 - INFO - Archivo "tareas.csv" creado con exito
2025-06-29 19:33:15,301 - INFO - Creando archivo "tareas.csv"
2025-06-29 19:33:43,355 - INFO - Archivo "tareas.csv" creado con exito
2025-06-29 19:33:43,355 - INFO - Creando archivo "tareas.csv"
2025-06-29 19:34:41,411 - INFO - Interfaz de creacion de tareas cargada con exito
2025-06-29 19:34:42,929 - INFO - Archivo "tareas.csv" creado con exito
2025-06-29 19:34:42,929 - INFO - Creando archivo "tareas.csv"
2025-06-29 19:34:46,133 - INFO - Archivo "tareas.csv" leido con exito
2025-06-29 19:34:46,915 - INFO - Interfaz de creacion de tareas cargada con exito
2025-06-29 19:35:11,241 - INFO - Tarea creada con exito
2025-06-29 19:35:15,063 - INFO - Archivo "tareas.csv" leido con exito
2025-06-29 19:35:40,853 - INFO - Interfaz de creacion de tareas cargada con exito
2025-06-29 19:35:41,475 - INFO - Archivo "tareas.csv" leido con exito
2025-06-29 19:37:07,987 - INFO - Error: La tarea no existe
2025-06-29 19:57:35,813 - INFO - Interfaz de creación de tareas cargada con éxito
2025-06-29 19:57:37,155 - INFO - Archivo "tareas.csv" leído con éxito
2025-06-29 20:14:48,442 - INFO - Archivo "tareas.csv" leido con exito
2025-06-29 20:40:36,385 - INFO - Archivo "tareas.csv" leido con exito
2025-06-29 20:40:37,852 - INFO - Interfaz de creación de tareas cargada con exito
2025-06-29 20:40:59,375 - INFO - Tarea creada con exito
2025-06-29 20:41:00,971 - INFO - Archivo "tareas.csv" leido con exito
2025-06-29 20:41:12,628 - INFO - Archivo "tareas.csv" leido con exito
2025-06-29 20:42:11,968 - INFO - Archivo "tareas.csv" leido con exito
2025-06-29 20:42:12,717 - INFO - Interfaz de creación de tareas cargada con exito
2025-06-29 20:42:17,288 - INFO - Tarea creada con exito
2025-06-29 20:42:19,064 - INFO - Tarea creada con exito
2025-06-29 20:42:19,828 - INFO - Archivo "tareas.csv" leido con exito
2025-06-29 20:42:28,317 - INFO - Archivo "tareas.csv" leido con exito
2025-06-29 20:42:30,465 - INFO - Error: La tarea no existe
2025-06-29 20:42:33,065 - INFO - Error: La tarea no existe
2025-06-29 20:42:36,385 - INFO - Error: La tarea no existe
2025-06-29 20:42:43,171 - INFO - Archivo "tareas.csv" leido con exito
2025-06-29 20:43:10,858 - INFO - Archivo "tareas.csv" leido con exito
